// Jest Snapshot v1, https://goo.gl/fbAQLP

exports[`renders a Rectangle 1`] = `
<div>
  <div
    class="sc-AxjAm juRXTL"
  >
    Rectangle content
  </div>
</div>
`;
