// Jest Snapshot v1, https://goo.gl/fbAQLP

exports[`Link renders correctly 1`] = `
<DocumentFragment>
  <a
    class="sc-AxjAm dpQVlV"
    href="/"
  />
</DocumentFragment>
`;
